---
source: crates/sui-config/tests/snapshot_tests.rs
expression: genesis_config
---
validator_config_info: ~
parameters:
  chain_id: 127
committee_size: 4
grpc_load_shed: ~
grpc_concurrency_limit: 20000000000
accounts:
  - address: 10475469111be97353212f4ca82604e01db7c28e
    gas_objects:
      - object_id: "0x10475469111be97353212f4ca82604e01db7c28e"
        gas_value: 100000000000000
      - object_id: "0x10475469111be97353212f4ca82604e01db7c28e"
        gas_value: 100000000000000
      - object_id: "0x10475469111be97353212f4ca82604e01db7c28e"
        gas_value: 100000000000000
      - object_id: "0x10475469111be97353212f4ca82604e01db7c28e"
        gas_value: 100000000000000
      - object_id: "0x10475469111be97353212f4ca82604e01db7c28e"
        gas_value: 100000000000000
    gas_object_ranges: []
  - address: 10475469111be97353212f4ca82604e01db7c28e
    gas_objects:
      - object_id: "0x10475469111be97353212f4ca82604e01db7c28e"
        gas_value: 100000000000000
      - object_id: "0x10475469111be97353212f4ca82604e01db7c28e"
        gas_value: 100000000000000
      - object_id: "0x10475469111be97353212f4ca82604e01db7c28e"
        gas_value: 100000000000000
      - object_id: "0x10475469111be97353212f4ca82604e01db7c28e"
        gas_value: 100000000000000
      - object_id: "0x10475469111be97353212f4ca82604e01db7c28e"
        gas_value: 100000000000000
    gas_object_ranges: []
  - address: 10475469111be97353212f4ca82604e01db7c28e
    gas_objects:
      - object_id: "0x10475469111be97353212f4ca82604e01db7c28e"
        gas_value: 100000000000000
      - object_id: "0x10475469111be97353212f4ca82604e01db7c28e"
        gas_value: 100000000000000
      - object_id: "0x10475469111be97353212f4ca82604e01db7c28e"
        gas_value: 100000000000000
      - object_id: "0x10475469111be97353212f4ca82604e01db7c28e"
        gas_value: 100000000000000
      - object_id: "0x10475469111be97353212f4ca82604e01db7c28e"
        gas_value: 100000000000000
    gas_object_ranges: []
  - address: 10475469111be97353212f4ca82604e01db7c28e
    gas_objects:
      - object_id: "0x10475469111be97353212f4ca82604e01db7c28e"
        gas_value: 100000000000000
      - object_id: "0x10475469111be97353212f4ca82604e01db7c28e"
        gas_value: 100000000000000
      - object_id: "0x10475469111be97353212f4ca82604e01db7c28e"
        gas_value: 100000000000000
      - object_id: "0x10475469111be97353212f4ca82604e01db7c28e"
        gas_value: 100000000000000
      - object_id: "0x10475469111be97353212f4ca82604e01db7c28e"
        gas_value: 100000000000000
    gas_object_ranges: []
  - address: 10475469111be97353212f4ca82604e01db7c28e
    gas_objects:
      - object_id: "0x10475469111be97353212f4ca82604e01db7c28e"
        gas_value: 100000000000000
      - object_id: "0x10475469111be97353212f4ca82604e01db7c28e"
        gas_value: 100000000000000
      - object_id: "0x10475469111be97353212f4ca82604e01db7c28e"
        gas_value: 100000000000000
      - object_id: "0x10475469111be97353212f4ca82604e01db7c28e"
        gas_value: 100000000000000
      - object_id: "0x10475469111be97353212f4ca82604e01db7c28e"
        gas_value: 100000000000000
    gas_object_ranges: []

